[backblue.gif]
[fade.gif]
[index.html]
[saitobaza.ru/wp-content/uploads/2012/12/turbo121220122149460001.png]
[ajax.googleapis.com/ajax/libs/jquery/1.8.2/jquery.minef6d.js]
[plus.google.com/118152068545448105558.html]
[saitobaza.ru/indexd1e6.html]
[saitobaza.ru/wp-content/uploads/2013/12/website-usability-checklist-guidelines1.jpg]
[saitobaza.ru/wp-content/uploads/2013/12/website-usability-checklist-guidelines1-120x80.jpg]
[saitobaza.ru/wp-content/uploads/2013/12/zzzebraPDF-23-1-700x393.jpg]
[saitobaza.ru/wp-content/uploads/2013/12/zzzebraPDF-23-1-120x67.jpg]
[saitobaza.ru/wp-content/uploads/2013/12/css3ps2-700x525.jpg]
[saitobaza.ru/wp-content/uploads/2013/12/css3ps2-120x90.jpg]
[vk.com/js/api/openapi.js]
[vk.com/js/api/share.js]
[apis.google.com/js/plusone.js]
[connect.facebook.net/ru_RU/all.js]
[platform.twitter.com/widgets.js]
[saitobaza.ru/index.html]
[loginza.ru/js/widget-2.0.js]
[lh3.googleusercontent.com/-D4JwAhp7PoQ/T9kKYnpXhjI/AAAAAAAAAGg/uTdh7EL6QcE/s630-fcrop64=1,20162401dfaddbfd/Sea of Fog.jpg]
[ssl.gstatic.com/s2/oz/images/faviconr3.ico]
[lh3.googleusercontent.com/-D4JwAhp7PoQ/T9kKYnpXhjI/AAAAAAAAAGg/uTdh7EL6QcE/s630-fcrop64=1,20162401dfaddbfd_Soften=1,60,0/Sea of Fog.jpg]
[lh3.googleusercontent.com/-rSWzidSSyY8/AAAAAAAAAAI/AAAAAAAAAG0/5_qi9_zz2mo/s120-c/photo.jpg]
[lh3.googleusercontent.com/-rSWzidSSyY8/AAAAAAAAAAI/AAAAAAAAAG0/BJNKC3z34Qc/s46-c-k-no/photo.jpg]
[lh3.googleusercontent.com/-V0UGgXdGSfk/UqOQ9yIUs8I/AAAAAAAAAG0/0g6bzof_lJA/w426-h425/y_a63b5bb0_1__lepro_thumbnail.jpg]
[lh4.googleusercontent.com/-fhrLO8TWc5o/AAAAAAAAAAI/AAAAAAAAAAA/Vx67Af57ias/s46-c-k-no/photo.png]
[lh4.googleusercontent.com/-xSKJbyl_5ZA/AAAAAAAAAAI/AAAAAAAAAAA/1gfZqRChNcY/s46-c-k-no/photo.png]
[lh4.googleusercontent.com/-IbiD994Z1DY/AAAAAAAAAAI/AAAAAAAAAAA/7tg2vM-94uM/s46-c-k-no/photo.png]
[lh3.googleusercontent.com/-4Xc18jCcS2I/AAAAAAAAAAI/AAAAAAAAAAA/Z-ndtk1SeQ0/s46-c-k-no/photo.png]
[lh3.googleusercontent.com/-rmoXrJQMeOA/AAAAAAAAAAI/AAAAAAAAAAA/eF65rb7nPFo/s46-c-k-no/photo.jpg]
[lh4.googleusercontent.com/-daXC4lIkJE0/AAAAAAAAAAI/AAAAAAAAAAA/KekAIQc8lTg/s46-c-k-no/photo.png]
[lh4.googleusercontent.com/-ihxiJRvVrJ4/AAAAAAAAAAI/AAAAAAAAAAA/HQLWHVhNDFM/s46-c-k-no/photo.jpg]
[lh3.googleusercontent.com/-uwGOSj_T4RQ/AAAAAAAAAAI/AAAAAAAAAAA/G68WXOX62g8/s46-c-k-no/photo.jpg]
[lh3.googleusercontent.com/-k_KdpyrRvok/AAAAAAAAAAI/AAAAAAAAAAA/L_MJdXf2RPI/s46-c-k-no/photo.png]
[lh4.googleusercontent.com/-Rx7pFwpq3BU/AAAAAAAAAAI/AAAAAAAAAAA/kPk-up3DJOA/s46-c-k-no/photo.jpg]
[lh4.googleusercontent.com/-gdEBlmq-uFw/AAAAAAAAAAI/AAAAAAAAAAA/kiaa6CwI2pE/s46-c-k-no/photo.jpg]
[lh4.googleusercontent.com/-Xcohrm5Kt50/AAAAAAAAAAI/AAAAAAAAAAA/JA7i709bQmI/s46-c-k-no/photo.png]
[s2.googleusercontent.com/s2/faviconsc139.png]
[s2.googleusercontent.com/s2/favicons71a5.png]
[s2.googleusercontent.com/s2/faviconsdf79.png]
[s2.googleusercontent.com/s2/favicons03fe.png]
[plus.google.com/118152068545448105558.html]
[saitobaza.ru/wp-content/uploads/2013/12/psd-to-html1.png]
[saitobaza.ru/wp-content/uploads/2013/12/psd-to-html1-490x227.png]
[saitobaza.ru/wp-content/uploads/2015/12/12341-700x530.png]
[saitobaza.ru/wp-content/uploads/2015/12/12341-490x371.png]
[saitobaza.ru/wp-content/uploads/2012/12/woo_commerce1.jpg]
[saitobaza.ru/wp-content/uploads/2012/12/woo_commerce1-490x245.jpg]
[saitobaza.ru/wp-content/uploads/2012/12/PDM-11-24.jpg]
[saitobaza.ru/wp-content/uploads/2012/08/old-world-map1-700x402.jpg]
[saitobaza.ru/wp-content/uploads/2012/08/old-world-map1-490x281.jpg]
[mc.yandex.ru/watch/11719195.gif]
[saitobaza.ru/category/blog.html]
[saitobaza.ru/wp-content/uploads/2012/12/turbo181220120831190001-490x638.jpg]
[saitobaza.ru/wp-content/uploads/2012/12/turbo151220121905500001.png]
[saitobaza.ru/category/portfolio.html]
[vk.com/images/lnkinner32.gif]
[vk.com/mp3/bb2.mp3]
[saitobaza.ru/soft-skripty.html]
[saitobaza.ru/wp-content/uploads/2012/01/f629a974f45fe2f76b8bb0dfd4bb44ec1.jpg]
[saitobaza.ru/wp-content/uploads/2012/01/f629a974f45fe2f76b8bb0dfd4bb44ec1-350x232.jpg]
[1.gravatar.com/avatar/77a4d75e8021f2ecfcc2b0bda58c66554367.jpeg]
[1.gravatar.com/avatar/1a67ddf4e46ddfbd6fc81e52030a4e594367.jpg]
[0.gravatar.com/avatar/a43c5309143b30f4ca885523b9c36ede4367.jpeg]
[0.gravatar.com/avatar/63e0a09ae13575962089cc7a1fd039c34367.jpg]
[0.gravatar.com/avatar/668c6dd6d879120022e1d9855f61708c4367.jpg]
[0.gravatar.com/avatar/af3e32b365e32d39708c9600f227d18e4367.jpg]
[saitobaza.ru/soft-skripty/content-downloader-nedorogoj-universalnyj-parser-kontenta.html]
[saitobaza.ru/wp-content/uploads/2012/01/0_600c8_4961511c_xl1.jpg]
[saitobaza.ru/wp-content/uploads/2012/01/0_600c8_4961511c_xl1-233x350.jpg]
[saitobaza.ru/soft-skripty/key-collector-avtomaticheskoe-sostavlenie-semanticheskogo-yadra.html]
[saitobaza.ru/wp-content/uploads/2011/12/wordpress_logo1.jpg]
[saitobaza.ru/wp-content/uploads/2011/12/wordpress_logo1-350x323.jpg]
[1.gravatar.com/avatar/5bba7768a7828ee877e87c16dca4d25b4367.jpg]
[1.gravatar.com/avatar/9a62b149cfc400fd06e33c2f8f2b135a4367.jpeg]
[saitobaza.ru/soft-skripty/wordpress.html]
[saitobaza.ru/wp-content/uploads/2011/12/66512811_zebroid1.jpg]
[1.gravatar.com/avatar/fbf5b762673a3f1775c32c56bc4998584367.jpg]
[1.gravatar.com/avatar/f876e5dabd15ce6bfead100b697dccaa4367.jpg]
[saitobaza.ru/soft-skripty/zebroid.html]
[saitobaza.ru/wp-content/uploads/2011/12/dumpage_221121.jpg]
[saitobaza.ru/wp-content/uploads/2011/12/dumpage_221121-350x251.jpg]
[saitobaza.ru/uslugi.html]
[saitobaza.ru/wp-content/uploads/2011/12/4f8e53dd8cc1d608650d5098212dc20d1.jpg]
[saitobaza.ru/wp-content/uploads/2011/12/4f8e53dd8cc1d608650d5098212dc20d1-350x228.jpg]
[saitobaza.ru/uslugi/avtomatizaciya.html]
[saitobaza.ru/wp-content/uploads/2011/12/0d931aaf2b7655a70ae906842f6b30951.jpg]
[saitobaza.ru/wp-content/uploads/2011/12/0d931aaf2b7655a70ae906842f6b30951-350x304.jpg]
[1.gravatar.com/avatar/da50ff00830eea55431f99d7b98404e24367.jpg]
[1.gravatar.com/avatar/d2b0c02d0775403147428cba1b9aeada4367.jpeg]
[saitobaza.ru/uslugi/obuchenie.html]
[saitobaza.ru/wp-content/uploads/2011/12/s320x320.jpg]
[0.gravatar.com/avatar/6463e56d1740821f1917982e294481384367.jpg]
[0.gravatar.com/avatar/8dfa47faac564e2416383c19812435e94367.jpg]
[0.gravatar.com/avatar/635ac76e097ce68ae6a6399cc8a9843e4367.jpg]
[1.gravatar.com/avatar/be2f3aa79115bea5bd06b5352ac5db064367.jpg]
[1.gravatar.com/avatar/3c0289a7bd9928f51c9db7c51fb2c7264367.jpg]
[saitobaza.ru/uslugi/parsing.html]
[saitobaza.ru/wp-content/uploads/2011/12/div-vs-table-21.jpg]
[saitobaza.ru/wp-content/uploads/2011/12/div-vs-table-21-350x284.jpg]
[1.gravatar.com/avatar/d0aaadd1fd11762ff2cea151d72e72944367.jpg]
[1.gravatar.com/avatar/d6f772094e8e2a27a5ad607a51f24a854367.jpg]
[saitobaza.ru/uslugi/verstka.html]
[saitobaza.ru/wp-content/uploads/2012/01/1372d492d96220e85360d4a865d5624d.jpg]
[saitobaza.ru/wp-content/uploads/2012/01/1372d492d96220e85360d4a865d5624d-200x200.jpg]
[saitobaza.ru/uslugi/verstka/forma-zayavki-na-verstku-sajta-i-natyazhku-na-cms.html]
[saitobaza.ru/wp-content/uploads/2011/12/ms-crm-blonde1.jpg]
[saitobaza.ru/wp-content/uploads/2011/12/ms-crm-blonde1-350x234.jpg]
[0.gravatar.com/avatar/cc6c60c27c50da7f58df10f9b52913a94367.jpg]
[0.gravatar.com/avatar/2797d738faa30415c416a4ea365b60834367.jpg]
[saitobaza.ru/kontakty.html]
[saitobaza.ru/wp-content/uploads/2011/12/4f397aac9e009f0e801d24c1399d9f981.jpg]
[saitobaza.ru/wp-content/uploads/2011/12/4f397aac9e009f0e801d24c1399d9f981-324x350.jpg]
[0.gravatar.com/avatar/4465becefc5a5f196a44f8c10372ccaf4367.jpg]
[0.gravatar.com/avatar/08454a6998298a310d4a80e8f6962ac44367.jpg]
[1.gravatar.com/avatar/5914a8928d421035137a07842ab3b3564367.jpg]
[saitobaza.ru/kontakty/obo-mne.html]
[saitobaza.ru/wp-content/uploads/2012/01/4e42c0731009311.jpg]
[saitobaza.ru/wp-content/uploads/2012/01/4e42c0731009311-490x326.jpg]
[saitobaza.ru/wp-content/uploads/2012/01/coffee_by_teayii-d4l7hrm.jpg]
[saitobaza.ru/wp-content/uploads/2012/01/coffee_by_teayii-d4l7hrm-350x246.jpg]
[saitobaza.ru/wp-content/uploads/2012/01/designerz_e38661410afab138ff1332420d1524c31.jpg]
[saitobaza.ru/wp-content/uploads/2012/01/designerz_e38661410afab138ff1332420d1524c31-350x262.jpg]
[saitobaza.ru/category/gotovye-temy/wordpress.html]
[saitobaza.ru/uslugi/verstka-psd-na-wordpress.html]
[saitobaza.ru/wp-content/uploads/2011/12/90cf0009c272dfdb25e65b3cd302632c1.jpg]
[saitobaza.ru/wp-content/uploads/2011/12/90cf0009c272dfdb25e65b3cd302632c1-350x210.jpg]
[1.gravatar.com/avatar/b953e28ef1694526bf1f9b91b7c454af4367.jpg]
[saitobaza.ru/video-obuchenie-po-zebroidu.html]
[saitobaza.ru/wp-content/uploads/2013/12/website-usability-checklist-guidelines1-490x326.jpg]
[saitobaza.ru/wp-content/uploads/2013/12/psd-to-html1-120x55.png]
[saitobaza.ru/usability-cheklist-habrahabr.html]
[saitobaza.ru/wp-content/uploads/2013/12/zzzebraPDF-23-1.jpg]
[saitobaza.ru/wp-content/uploads/2013/12/zebroid-bablo-490x307.jpg]
[connect.facebook.net/ru_RU/allf43b.js]
[userapi.com/js/api/openapi9651.js]
[apis.google.com/js/plusonef43b.js]
[platform.twitter.com/widgetsf43b.js]
[saitobaza.ru/wp-content/uploads/2013/12/zzzebraPDF-23-1-490x275.jpg]
[saitobaza.ru/wp-content/uploads/2013/12/zebroid-bablo.jpg]
[saitobaza.ru/prazdnichnye-skidki-na-zebroid.html]
[saitobaza.ru/wp-content/uploads/2013/12/css3ps2.jpg]
[saitobaza.ru/wp-content/uploads/2013/12/css3ps2-490x367.jpg]
[saitobaza.ru/nopalevo/CSS3Ps.jsx]
[saitobaza.ru/skopirovat-stil-fotoshopa.html]
[saitobaza.ru/wp-content/uploads/2013/12/file-versions-366x231.png]
[saitobaza.ru/wp-content/uploads/2013/12/layer_groups.png]
[saitobaza.ru/wp-content/uploads/2013/12/layer_names-490x350.png]
[saitobaza.ru/wp-content/uploads/2013/12/unsued_layers-490x350.png]
[saitobaza.ru/wp-content/uploads/2013/12/block.png]
[saitobaza.ru/wp-content/uploads/2013/12/grid.png]
[saitobaza.ru/wp-content/uploads/2013/12/notes.jpg]
[saitobaza.ru/wp-content/uploads/2013/12/overlay_overtroll-490x204.png]
[saitobaza.ru/wp-content/uploads/2013/12/shape_buttons-490x121.png]
[saitobaza.ru/wp-content/uploads/2013/12/style-490x471.jpg]
[saitobaza.ru/wp-content/uploads/2013/12/smoothing-490x232.jpg]
[saitobaza.ru/wp-content/uploads/2013/12/situation5-490x314.jpg]
[saitobaza.ru/wp-content/uploads/2013/12/file-versions.png]
[saitobaza.ru/wp-content/uploads/2013/12/layer_names.png]
[saitobaza.ru/wp-content/uploads/2013/12/unsued_layers.png]
[saitobaza.ru/wp-content/uploads/2013/12/overlay_overtroll.png]
[saitobaza.ru/wp-content/uploads/2013/12/shape_buttons.png]
[saitobaza.ru/wp-content/uploads/2013/12/style.jpg]
[saitobaza.ru/wp-content/uploads/2013/12/smoothing.jpg]
[saitobaza.ru/wp-content/uploads/2013/12/situation5.jpg]
[saitobaza.ru/kak-podgotovit-psd-maket-dlya-pravilnoj-verstki.html]
[saitobaza.ru/wp-content/uploads/2012/12/Step31-490x338.png]
[saitobaza.ru/wp-content/uploads/2012/12/Step41-490x338.png]
[saitobaza.ru/wp-content/uploads/2012/12/turbo311220121004340001-490x152.jpg]
[saitobaza.ru/wp-content/uploads/2012/12/xp-screen-11-490x325.png]
[saitobaza.ru/wp-content/uploads/2012/12/xp-screen-21-490x475.png]
[saitobaza.ru/wp-content/uploads/2012/12/xp-screen-31-490x351.png]
[saitobaza.ru/wp-content/uploads/2012/12/xp-screen-41-490x755.png]
[saitobaza.ru/nopalevo/CSS3Ps.zxp]
[saitobaza.ru/wp-content/uploads/2012/12/Step31.png]
[saitobaza.ru/wp-content/uploads/2012/12/Step41.png]
[saitobaza.ru/wp-content/uploads/2012/12/turbo311220121004340001.jpg]
[saitobaza.ru/wp-content/uploads/2012/12/xp-screen-11.png]
[saitobaza.ru/wp-content/uploads/2012/12/xp-screen-21.png]
[saitobaza.ru/wp-content/uploads/2012/12/xp-screen-31.png]
[saitobaza.ru/wp-content/uploads/2012/12/xp-screen-41.png]
[saitobaza.ru/css3ps-plagin-dlya-kopirovaniya-stilej-sloev-photoshopa.html]
[saitobaza.ru/wp-content/uploads/2011/12/hosting.jpg]
[saitobaza.ru/wp-content/uploads/2011/12/ff47f8db8be24739e13dcfd298153c811.jpg]
[saitobaza.ru/kachestvennyj-i-nedorogoj-xosting.html]
[saitobaza.ru/wp-content/uploads/2011/12/zebroid.jpg]
[saitobaza.ru/wp-content/uploads/2011/12/wallpaper_zebra_1280x10241-350x280.jpg]
[saitobaza.ru/wp-content/uploads/2011/12/sidebar_buy1.png]
[saitobaza.ru/wp-content/uploads/2011/12/wallpaper_zebra_1280x10241.jpg]
[1.gravatar.com/avatar/72c9f5f22b1cdf53ada26abd94355b324367.jpeg]
[1.gravatar.com/avatar/9b79f6e5d6127c68c163635e793ad8584367.jpg]
[1.gravatar.com/avatar/5172bde57f71a17fa41e278d597cfbeb4367.jpg]
[0.gravatar.com/avatar/67a10faf1a6a7eb184e18519179723954367.jpg]
[saitobaza.ru/skidka-na-zebroid.html]
[saitobaza.ru/wp-content/uploads/2012/12/turbo181220120107110001.jpg]
[saitobaza.ru/wp-content/uploads/2012/12/1.jpg]
[saitobaza.ru/wp-content/uploads/2012/12/2.jpg]
[saitobaza.ru/wp-content/uploads/2012/12/3.jpg]
[saitobaza.ru/wp-content/uploads/2012/12/full-1.jpg]
[saitobaza.ru/wp-content/uploads/2012/12/full-2.jpg]
[saitobaza.ru/verstka-htmlcssjs-buxmejster.html]
[saitobaza.ru/wp-content/uploads/2012/08/old-world-map1.jpg]
[saitobaza.ru/wp-content/uploads/2012/08/ideal-sitemap-200x200.jpg]
[saitobaza.ru/wp-content/uploads/2012/08/sitemap-350x217.jpg]
[saitobaza.ru/wp-content/uploads/2012/08/sitemap-gzip-350x156.jpg]
[saitobaza.ru/wp-content/uploads/2012/08/ideal-sitemap.jpg]
[saitobaza.ru/sitemap.xml]
[saitobaza.ru/wp-content/uploads/2012/08/sitemap.jpg]
[saitobaza.ru/wp-content/uploads/2012/08/sitemap-gzip.jpg]
[1.gravatar.com/avatar/b7e14e336349080e6a473d2cc09ca7fe4367.jpg]
[saitobaza.ru/metody-generacii-pravilnoj-karty-sajta-sitemap.html]
[saitobaza.ru/wp-content/uploads/2012/01/4e42c073100931-350x232.jpg]
[saitobaza.ru/wp-content/uploads/2012/01/01da5ba49f9047520d553a95105f3a9a1.jpg]
[saitobaza.ru/wp-content/uploads/2012/01/89fb479b4127582dcf7bb329c58490eb1-350x302.jpg]
[saitobaza.ru/wp-content/uploads/2012/01/4e42c073100931.jpg]
[saitobaza.ru/wp-content/uploads/2012/01/poedit-1.4.6-setup.exe]
[saitobaza.ru/wp-content/uploads/2012/01/89fb479b4127582dcf7bb329c58490eb1.jpg]
[0.gravatar.com/avatar/aa97ed4098bd87cccd7e35c86095ef4b4367.jpg]
[1.gravatar.com/avatar/be477526df582fe1fd7f4a5ccf7da6734367.jpg]
[0.gravatar.com/avatar/e208f868ce58c0e67d6436ccf90290564367.jpeg]
[saitobaza.ru/kak-perevesti-temu-ili-plagin-wordpress-poshagovaya-instrukciya.html]
[saitobaza.ru/wp-content/uploads/2012/12/woocommerce-mijireh-large1.png]
[saitobaza.ru/wp-content/uploads/2012/12/turbo191220121337450001-490x174.jpg]
[saitobaza.ru/podklyuchenie-plagina-woocommerce-v-nestandartnuyu-temu.html]
[saitobaza.ru/wp-content/uploads/2012/12/turbo191220121337450001.jpg]
[vk.com/js/api/openapi.js]
[www.w3.org/TR/xhtml1/DTD/xhtml1-strict.dtd]
[vk.com/js/api/share.js]
[connect.facebook.net/ru_RU/all.js]
[plus.google.com/_/scs/apps-static/_/ss/k=oz.home.13xeuxhox4eo3.L.X.O/am=AGAIJINBRtECAAAAQBGoMnwihGgCAwCAHQ/rs=AItRSTNSSSVjzlxgkzpbqf2bLnelx5Ei_Q.css]
[platform.twitter.com/widgets.js]
[saitobaza.ru/wp-content/uploads/2012/01/tumblr_m0leu8q0Hp1qznvrxo1_500.jpg]
[saitobaza.ru/wp-content/uploads/2012/01/tumblr_m0leu8q0Hp1qznvrxo1_500-490x200.jpg]
[saitobaza.ru/wp-content/uploads/2012/01/zebra892fd1f9584ea3ad196e1037ea5eb03d-700x466.jpg]
[saitobaza.ru/wp-content/uploads/2012/01/zebra892fd1f9584ea3ad196e1037ea5eb03d-490x326.jpg]
[saitobaza.ru/wp-content/uploads/2012/01/image41241.jpg]
[saitobaza.ru/wp-content/uploads/2012/01/zebraPDM-16-7.jpg]
[saitobaza.ru/wp-content/uploads/2012/01/zebraPDM-16-7-490x326.jpg]
[saitobaza.ru/wp-content/uploads/2012/01/tggdh5.jpg]
[saitobaza.ru/wp-content/uploads/2012/01/3a296651d371a87366bcf21d5b158bd4-700x465.jpg]
[saitobaza.ru/wp-content/uploads/2012/01/3a296651d371a87366bcf21d5b158bd4-490x326.jpg]
[saitobaza.ru/wp-content/uploads/2012/01/673318.jpg]
[saitobaza.ru/category/blog/page/2.html]
[saitobaza.ru/wordpress-najti-i-zamenit-tekst-bez-plagina.html]
[saitobaza.ru/wp-content/uploads/2015/12/12341.png]
[saitobaza.ru/wp-content/uploads/2015/12/turbo211220120548120001-490x384.jpg]
[saitobaza.ru/wp-content/uploads/2015/12/turbo211220120548120001.jpg]
[1.gravatar.com/avatar/7a89e4ecfb5ace2cf9aed7983bcb625a4367.jpg]
[1.gravatar.com/avatar/fb84a619244e9be8533536e4efc38eb54367.jpg]
[saitobaza.ru/kak-izmenit-dizajn-vidzhetov-woocommerce.html]
[saitobaza.ru/izmeneniya-na-sajte.html]
[saitobaza.ru/wp-content/uploads/2012/01/b88c2f8af3b762c0ea3576e1aa913dc6.jpg]
[saitobaza.ru/wp-content/uploads/2012/01/no_cats_allowed_by_mikatrta-d4e0neb.jpg]
[saitobaza.ru/wp-content/uploads/2012/01/no_cats_allowed_by_mikatrta-d4e0neb-350x350.jpg]
[saitobaza.ru/wp-content/uploads/2012/01/623px-general_bernard_a-_schriever_icbm_test_vehic.jpg]
[saitobaza.ru/wp-content/uploads/2012/01/623px-general_bernard_a-_schriever_icbm_test_vehic-350x269.jpg]
[saitobaza.ru/wp-content/uploads/2012/01/turbo121220120452270001-700x384.png]
[saitobaza.ru/wp-content/uploads/2012/01/turbo121220120452270001-490x269.png]
[saitobaza.ru/category/blog/page/3.html]
[saitobaza.ru/wp-content/uploads/2012/01/01-__large_preview1.jpg]
[saitobaza.ru/category/blog/page/4.html]
[saitobaza.ru/wp-content/uploads/2012/12/turbo191220121345290001.jpg]
[saitobaza.ru/wp-content/uploads/2012/12/turbo181220120827310001-200x200.jpg]
[saitobaza.ru/wp-content/uploads/2012/12/turbo18122012083311000.jpg]
[saitobaza.ru/wp-content/uploads/2012/12/turbo18122012083322000-490x160.jpg]
[saitobaza.ru/wp-content/uploads/2012/12/turbo18122012083341000.jpg]
[saitobaza.ru/wp-content/uploads/2012/12/home.jpg]
[saitobaza.ru/wp-content/uploads/2012/12/inner.jpg]
[saitobaza.ru/wp-content/uploads/2012/12/turbo181220120827310001.jpg]
[saitobaza.ru/l2ns-info-verstka-i-integraciya-v-wordpress.html]
[saitobaza.ru/wp-content/uploads/2012/01/box1.jpg]
[saitobaza.ru/skidka-na-parser-kontenta-content-downloader.html]
[saitobaza.ru/wp-content/uploads/2012/01/zebra892fd1f9584ea3ad196e1037ea5eb03d.jpg]
[saitobaza.ru/wp-content/uploads/2012/01/zebroid-image-edit-1-350x308.png]
[saitobaza.ru/wp-content/uploads/2012/01/zebroid-image-edit-2-350x308.png]
[saitobaza.ru/wp-content/uploads/2012/01/zebroid-image-edit-3-336x350.png]
[saitobaza.ru/wp-content/uploads/2012/01/000115634000230120121-350x114.jpg]
[saitobaza.ru/wp-content/uploads/2012/01/000120349000230120121-350x299.jpg]
[saitobaza.ru/wp-content/uploads/2012/01/000120539000230120121-350x299.jpg]
[saitobaza.ru/wp-content/uploads/2012/01/000124939000230120121-350x310.jpg]
[saitobaza.ru/wp-content/uploads/2012/01/84e1a5e20f95ab8e06cddec912574342.gif]
[saitobaza.ru/wp-content/uploads/2012/01/zebroid-image-edit-1.png]
[saitobaza.ru/wp-content/uploads/2012/01/000131334000210120121.jpg]
[saitobaza.ru/wp-content/uploads/2012/01/zebroid-image-edit-2.png]
[saitobaza.ru/wp-content/uploads/2012/01/zebroid-image-edit-3.png]
[saitobaza.ru/wp-content/uploads/2012/01/000115634000230120121.jpg]
[saitobaza.ru/wp-content/uploads/2012/01/000120349000230120121.jpg]
[saitobaza.ru/wp-content/uploads/2012/01/000120539000230120121.jpg]
[saitobaza.ru/wp-content/uploads/2012/01/000124939000230120121.jpg]
[saitobaza.ru/zebroid-obrabotka-izobrazhenij-instrukciya-i-videoobzor.html]
[saitobaza.ru/portfolio-items/dzhaber.html]
[saitobaza.ru/portfolio-items/tranceweb.html]
[saitobaza.ru/portfolio-items/mass-by.html]
[saitobaza.ru/portfolio-items/ooho.html]
[saitobaza.ru/wp-content/uploads/2012/01/logo_ny1.gif]
[saitobaza.ru/programma-dlya-bystrogo-snyatiya-skrinshotov.html]
[saitobaza.ru/category/gotovye-temy/wordpress/page/2.html]
[saitobaza.ru/wp-content/uploads/2012/12/turbo191220121405490001-490x108.jpg]
[saitobaza.ru/wp-content/uploads/2012/12/turbo191220121407410001-490x119.jpg]
[saitobaza.ru/wp-content/uploads/2012/12/rich-contact-widget1.jpg]
[saitobaza.ru/strukturirovanie-kontenta-v-wordpress-pochemu-nuzhno-ispolzovat-mikroformaty.html]
[webmaster.yandex.ua/microtest.html]
[saitobaza.ru/wp-content/uploads/2012/01/91527b83bdded0b8f8b889329cbd21fd1-350x179.jpg]
[saitobaza.ru/wp-content/uploads/2012/01/a2a303cc891-350x177.jpg]
[saitobaza.ru/wp-content/uploads/2012/01/pyfvm1-350x177.jpg]
[saitobaza.ru/wp-content/uploads/2012/01/25f4506469a2759c33f91a37ebe0e3391-350x301.png]
[saitobaza.ru/wp-content/uploads/2012/01/91527b83bdded0b8f8b889329cbd21fd1.jpg]
[saitobaza.ru/wp-content/uploads/2012/01/a2a303cc891.jpg]
[saitobaza.ru/wp-content/uploads/2012/01/25f4506469a2759c33f91a37ebe0e3391.png]
[saitobaza.ru/wp-tema-i-facebook-stranichka-dlya-portfollio-posadochnaya-stranica-i-besplatnaya-programma-dlya-raboty-s-klyuchevymi-slovami.html]
[saitobaza.ru/wp-content/uploads/2012/01/93a329a428e71-254x350.gif]
[saitobaza.ru/wp-content/uploads/2012/01/01previewlargepreview1-350x175.jpg]
[saitobaza.ru/wp-content/uploads/2012/01/93a329a428e71.gif]
[saitobaza.ru/wp-content/uploads/2012/01/01previewlargepreview1.jpg]
[saitobaza.ru/otlichnaya-premium-tema-wordpress-i-plagin-generacii-fanstranic-dlya-facebook.html]
[saitobaza.ru/wp-content/uploads/2012/01/30732550efc42eff43547a95b0d2ab2c1-200x200.jpg]
[saitobaza.ru/wp-content/uploads/2012/01/cd1-350x223.png]
[saitobaza.ru/wp-content/uploads/2012/01/cd2-350x185.png]
[saitobaza.ru/wp-content/uploads/2012/01/cd3-350x222.png]
[saitobaza.ru/wp-content/uploads/2012/01/cd4-350x206.png]
[saitobaza.ru/wp-content/uploads/2012/01/cd5-350x212.png]
[saitobaza.ru/wp-content/uploads/2012/01/cd6-267x350.png]
[saitobaza.ru/wp-content/uploads/2012/01/cd7-350x286.png]
[saitobaza.ru/wp-content/uploads/2012/01/zebroid1-343x350.png]
[saitobaza.ru/wp-content/uploads/2012/01/zebroid2-350x220.png]
[saitobaza.ru/wp-content/uploads/2012/01/zebroid3-200x200.png]
[saitobaza.ru/wp-content/uploads/2012/01/zebroid4-200x200.png]
[saitobaza.ru/wp-content/uploads/2012/01/zebroid5-200x200.png]
[saitobaza.ru/wp-content/uploads/2012/01/zebroid6-200x200.png]
[saitobaza.ru/wp-content/uploads/2012/01/30732550efc42eff43547a95b0d2ab2c1.jpg]
[i28.fastpic.ru/big/2012/0116/1b/28dab33195a4ae0b517aa5236506e61b.jpg]
[i27.fastpic.ru/big/2012/0116/ab/75cd776de760e11862bf9ff4cb98a5ab.jpg]
[i32.fastpic.ru/big/2012/0116/26/2df32cb10c8928060026d955ee145026.jpg]
[saitobaza.ru/wp-content/uploads/2012/01/cd1.png]
[saitobaza.ru/wp-content/uploads/2012/01/cd2.png]
[saitobaza.ru/wp-content/uploads/2012/01/cd3.png]
[saitobaza.ru/wp-content/uploads/2012/01/cd4.png]
[saitobaza.ru/wp-content/uploads/2012/01/cd5.png]
[saitobaza.ru/wp-content/uploads/2012/01/cd6.png]
[saitobaza.ru/wp-content/uploads/2012/01/cd7.png]
[saitobaza.ru/wp-content/uploads/2012/01/zebroid1.png]
[saitobaza.ru/wp-content/uploads/2012/01/zebroid2.png]
[saitobaza.ru/wp-content/uploads/2012/01/zebroid3.png]
[saitobaza.ru/wp-content/uploads/2012/01/zebroid4.png]
[saitobaza.ru/wp-content/uploads/2012/01/zebroid5.png]
[saitobaza.ru/wp-content/uploads/2012/01/zebroid6.png]
[1.gravatar.com/avatar/13f486522fbb8279c258ebbf5e8108ef4367.jpg]
[0.gravatar.com/avatar/87af59d10e2a6de3a8cced59d4bd76c14367.jpg]
[0.gravatar.com/avatar/230aa4b209172810e04dc83af71407984367.jpg]
[0.gravatar.com/avatar/a789db6ea8a33450fbbf7429619f32d04367.jpg]
[1.gravatar.com/avatar/b50e5c18b4569d813e085571b119ce834367.jpg]
[1.gravatar.com/avatar/991525ee569f5bb4f7dbe9a0c6c71a774367.jpg]
[1.gravatar.com/avatar/930ec00282a3f00e131bab11f9617fdb4367.jpg]
[1.gravatar.com/avatar/790b672eb59552c0bf4e81903ec1ce794367.jpg]
[saitobaza.ru/kak-sozdat-filmy-onlajn-poshagovaya-instrukciya-i-videourok.html]
[connect.facebook.net/ru_RU/allf43b.js]
[userapi.com/js/api/openapi9651.js]
[saitobaza.ru/img/dummies/featured-1.html]
[saitobaza.ru/single.html]
[saitobaza.ru/soft-skripty/notepad-lyubimyj-redaktor-htmlcssphp.html]
[saitobaza.ru/; path=/index.html]
[saitobaza.ru/activity.html]
[saitobaza.ru/widget_comments.html]
[saitobaza.ru/widget_recommended.html]
[saitobaza.ru/widget_like.html]
[saitobaza.ru/widget_poll.html]
[saitobaza.ru/al_widget_poll.html]
[saitobaza.ru/widget_community.html]
[saitobaza.ru/widget_auth.html]
[saitobaza.ru/widget_subscribe.html]
[saitobaza.ru/ads_rotate.html]
[vk.com/js/api/openapi_updated41d.html]
[saitobaza.ru/api/openapi.html]
[saitobaza.ru/api/share.html]
[saitobaza.ru/ABCDEFGHIJKLMNOPQRSTUVWXYZabcdefghijklmnopqrstuvwxyz0123456789+/index.html]
[saitobaza.ru/restserver.html]
[platform.twitter.com/widgets.js]
[saitobaza.ru/wp-content/uploads/2012/01/184822221-200x200.jpg]
[saitobaza.ru/wp-content/uploads/2012/01/000141726000230120121-200x200.jpg]
[saitobaza.ru/wp-content/uploads/2012/01/000142027000230120121-200x200.jpg]
[saitobaza.ru/wp-content/uploads/2012/01/000142912000230120121-350x271.jpg]
[saitobaza.ru/wp-content/uploads/2012/01/000143342000230120121-278x350.jpg]
[saitobaza.ru/wp-content/uploads/2012/01/000143807000230120121-200x200.jpg]
[saitobaza.ru/wp-content/uploads/2012/01/000152138000230120121-200x200.jpg]
[saitobaza.ru/wp-content/uploads/2012/01/000153411000230120121-200x122.jpg]
[saitobaza.ru/wp-content/uploads/2012/01/000155242000230120121-350x228.jpg]
[saitobaza.ru/wp-content/uploads/2012/01/000162202000230120121.jpg]
[saitobaza.ru/wp-content/uploads/2012/01/000163321000230120121-350x311.jpg]
[saitobaza.ru/wp-content/uploads/2012/01/000164239000230120121-350x122.jpg]
[saitobaza.ru/wp-content/uploads/2012/01/000164405000230120121.jpg]
[saitobaza.ru/wp-content/uploads/2012/01/000164825000230120121-350x48.jpg]
[saitobaza.ru/wp-content/uploads/2012/01/000165249000230120121-285x350.jpg]
[saitobaza.ru/wp-content/uploads/2012/01/184822221.jpg]
[saitobaza.ru/wp-content/uploads/2012/01/000141726000230120121.jpg]
[saitobaza.ru/wp-content/uploads/2012/01/000142027000230120121.jpg]
[saitobaza.ru/wp-content/uploads/2012/01/000142912000230120121.jpg]
[saitobaza.ru/wp-content/uploads/2012/01/000143342000230120121.jpg]
[saitobaza.ru/wp-content/uploads/2012/01/000143807000230120121.jpg]
[saitobaza.ru/wp-content/uploads/2012/01/000152138000230120121.jpg]
[saitobaza.ru/wp-content/uploads/2012/01/000153411000230120121.jpg]
[saitobaza.ru/wp-content/uploads/2012/01/000155242000230120121.jpg]
[saitobaza.ru/wp-content/uploads/2012/01/000163321000230120121.jpg]
[saitobaza.ru/wp-content/uploads/2012/01/000164239000230120121.jpg]
[saitobaza.ru/wp-content/uploads/2012/01/000164825000230120121.jpg]
[saitobaza.ru/wp-content/uploads/2012/01/000165249000230120121.jpg]
[1.gravatar.com/avatar/f188d93bf77a02af51afc7d8461afdc84367.jpg]
[1.gravatar.com/avatar/1b2213c2d2acc5a9a3bad5decb70873f4367.jpg]
[saitobaza.ru/kak-importirovat-v-zebroid-iz-content-downloadera.html]
[saitobaza.ru/wp-content/uploads/2012/01/pdj-4-10-350x242.jpg]
[saitobaza.ru/wp-content/uploads/2012/01/untitled-1-350x199.png]
[saitobaza.ru/wp-content/uploads/2012/01/sinonemaizer-350x179.png]
[saitobaza.ru/wp-content/uploads/2012/01/googletranslate-350x181.png]
[saitobaza.ru/wp-content/uploads/2012/01/textluxury-333x350.png]
[saitobaza.ru/wp-content/uploads/2012/01/0dbaa607fefeb20c070ccdbb617c105f1-350x254.jpg]
[saitobaza.ru/wp-content/uploads/2012/01/e8c043b2ab93b2bc04821d438e819a7b1-350x256.jpg]
[saitobaza.ru/wp-content/uploads/2012/01/c2ab3faa3c58dad9a3631be67a8240261-350x256.jpg]
[saitobaza.ru/wp-content/uploads/2012/01/0472d2331143458dd1a9a2cfad8acdb21-350x256.jpg]
[saitobaza.ru/wp-content/uploads/2012/01/rasstanovka-350x212.png]
[saitobaza.ru/wp-content/uploads/2012/01/search-replace-350x195.png]
[saitobaza.ru/wp-content/uploads/2012/01/1bb6db67b4f39171ff5cf004cf2e7a691-350x191.jpg]
[saitobaza.ru/wp-content/uploads/2012/01/pdj-4-10.jpg]
[saitobaza.ru/wp-content/uploads/2012/01/untitled-1.png]
[saitobaza.ru/wp-content/uploads/2012/01/sinonemaizer.png]
[saitobaza.ru/wp-content/uploads/2012/01/googletranslate.png]
[saitobaza.ru/wp-content/uploads/2012/01/textluxury.png]
[saitobaza.ru/wp-content/uploads/2012/01/0dbaa607fefeb20c070ccdbb617c105f1.jpg]
[saitobaza.ru/wp-content/uploads/2012/01/e8c043b2ab93b2bc04821d438e819a7b1.jpg]
[saitobaza.ru/wp-content/uploads/2012/01/c2ab3faa3c58dad9a3631be67a8240261.jpg]
[saitobaza.ru/wp-content/uploads/2012/01/0472d2331143458dd1a9a2cfad8acdb21.jpg]
[saitobaza.ru/wp-content/uploads/2012/01/rasstanovka.png]
[saitobaza.ru/wp-content/uploads/2012/01/search-replace.png]
[saitobaza.ru/wp-content/uploads/2012/01/1bb6db67b4f39171ff5cf004cf2e7a691.jpg]
[0.gravatar.com/avatar/46f8b311744f6b24c107a3dc900a17c84367.jpg]
[saitobaza.ru/zebroid-obrabotka-tekstov-instrukciya-i-videoobzor.html]
[saitobaza.ru/wp-content/uploads/2012/01/tggdh5-350x221.jpg]
[1.gravatar.com/avatar/7d27260d540654a8b617a11bc5c372764367.jpg]
[1.gravatar.com/avatar/d8387b94c10317fec208005e9db81b544367.jpg]
[1.gravatar.com/avatar/19b901470756d521bbd9a9d80691458f4367.jpg]
[0.gravatar.com/avatar/6daf7953ddc8c66699750bc0798aace24367.jpg]
[0.gravatar.com/avatar/a2976fc47001ef5a1d4cb371a4f39bab4367.jpg]
[1.gravatar.com/avatar/179eeed2ba79a773b58a3135b69aed934367.jpg]
[1.gravatar.com/avatar/92dae38d372662f5261203c1a7c948744367.jpg]
[saitobaza.ru/tviposter-prakticheski-besplatnaya-programma-dlya-raskrutki-twitterov.html]
[saitobaza.ru/wp-content/uploads/2012/01/3a296651d371a87366bcf21d5b158bd4.jpg]
[saitobaza.ru/wp-content/uploads/2012/01/520d51a0b680b8dc0ef4a3f3ddf406b01-273x350.jpg]
[saitobaza.ru/wp-content/uploads/2012/01/520d51a0b680b8dc0ef4a3f3ddf406b01.jpg]
[saitobaza.ru/wp-content/uploads/2012/01/tw.zip]
[saitobaza.ru/wp-content/uploads/2012/01/twR.zip]
[0.gravatar.com/avatar/ef1e65955ae04c46a579a6bc103d4a314367.jpeg]
[0.gravatar.com/avatar/2bd6ad93ce6c3936c5b5efbd716f9f344367.jpg]
[1.gravatar.com/avatar/5757606afdac416f7b49d80d19bc57d34367.jpeg]
[1.gravatar.com/avatar/b44021b267531bef4cffefa59f6d88724367.jpg]
[0.gravatar.com/avatar/c8258aca7dea543a341559ee6fa0548d4367.jpg]
[saitobaza.ru/kak-besplatno-raskrutit-twitter-akkaunt-instrukciya-i-videourok.html]
[saitobaza.ru/poslednij-den-skidki-na-zebroid.html]
[saitobaza.ru/testovaya-versiya-zebroida.html]
[saitobaza.ru/wp-content/uploads/2012/01/turbo121220120452270001.png]
[saitobaza.ru/besplatnaya-lyogkaya-tema-finesse-dlya-wordpress.html]
[saitobaza.ru/wp-content/uploads/2012/01/wp_item_details_11-137x350.jpg]
[saitobaza.ru/wp-content/uploads/2012/01/wp_item_details_21-157x350.jpg]
[saitobaza.ru/wp-content/uploads/2012/01/wp_item_details_11.jpg]
[saitobaza.ru/wp-content/uploads/2012/01/wp_item_details_21.jpg]
[saitobaza.ru/premium-tema-wordpress-alyeska-premium-theme-v1-1-4.html]
[saitobaza.ru/wp-content/uploads/dl/rich-contact-widget.1.0.html]
[webmaster.yandex.ua/_c/css/webmaster.ca458ce9811caabcb17abe363b44e518.css]
[yandex.st/lego/_/X31pO5JJJKEifJ7sfvuf3mGeD_8.png]
[yandex.st/lego/_/La6qi18Z8LwgnZdsAr1qy1GwCwo.gif]
[webmaster.yandex.ua/microtest.html]
[saitobaza.ru/w3bzone.html]
[zebroid.ru/zebroid_3_demo.html]
[platform.twitter.com/widgets.js]
[webmaster.yandex.ua/_c/css/webmaster.ca458ce9811caabcb17abe363b44e518.css]
[www.filesonic.com/file/nhd7DW6/chocolate-wp-saitobaza.ru.zip]
[www.filesonic.com/file/DXdUWlN/video-fan-facebook-saitobaza.ru.zip]
[www.filesonic.com/file/yLrIsni/[WooThemes]-Canvas.v4.7.3.for.Wordpress.zip]
[www.filesonic.com/file/WJ0TmE9/EzFanpageGenerator.zip]
[www.filesonic.com/file/LlPLb4L/intaverna.rar]
[platform.twitter.com/widgets.js]
[www.filesonic.com/file/w6L4qFl/alyeska-premium-wordpress-theme.zip]
